  /home/phillip/NodeBB-group/public/src/modules/chat.js:3:1: 'define' is not defined. (no-undef)
  /home/phillip/NodeBB-group/public/src/modules/chat.js:10:10: 'app' is not defined. (no-undef)
  /home/phillip/NodeBB-group/public/src/modules/chat.js:25:16: 'ajaxify' is not defined. (no-undef)
  /home/phillip/NodeBB-group/public/src/modules/chat.js:33:21: 'app' is not defined. (no-undef)
  /home/phillip/NodeBB-group/public/src/modules/chat.js:36:62: 'app' is not defined. (no-undef)
  /home/phillip/NodeBB-group/public/src/modules/chat.js:38:31: 'app' is not defined. (no-undef)
  /home/phillip/NodeBB-group/public/src/modules/chat.js:50:14: 'ajaxify' is not defined. (no-undef)
  /home/phillip/NodeBB-group/public/src/modules/chat.js:53:11: 'ajaxify' is not defined. (no-undef)
  /home/phillip/NodeBB-group/public/src/modules/chat.js:61:10: 'app' is not defined. (no-undef)
  /home/phillip/NodeBB-group/public/src/modules/chat.js:65:42: 'app' is not defined. (no-undef)
  /home/phillip/NodeBB-group/public/src/modules/chat.js:84:12: 'app' is not defined. (no-undef)
  /home/phillip/NodeBB-group/public/src/modules/chat.js:89:37: '$' is not defined. (no-undef)
  /home/phillip/NodeBB-group/public/src/modules/chat.js:97:35: '$' is not defined. (no-undef)
  /home/phillip/NodeBB-group/public/src/modules/chat.js:103:28: 'app' is not defined. (no-undef)
  /home/phillip/NodeBB-group/public/src/modules/chat.js:112:26: '$' is not defined. (no-undef)
  /home/phillip/NodeBB-group/public/src/modules/chat.js:113:16: 'ajaxify' is not defined. (no-undef)
  /home/phillip/NodeBB-group/public/src/modules/chat.js:116:13: 'ajaxify' is not defined. (no-undef)
  /home/phillip/NodeBB-group/public/src/modules/chat.js:116:34: 'app' is not defined. (no-undef)
  /home/phillip/NodeBB-group/public/src/modules/chat.js:123:9: '$' is not defined. (no-undef)
  /home/phillip/NodeBB-group/public/src/modules/chat.js:128:17: 'ajaxify' is not defined. (no-undef)
  /home/phillip/NodeBB-group/public/src/modules/chat.js:129:39: '$' is not defined. (no-undef)
  /home/phillip/NodeBB-group/public/src/modules/chat.js:155:31: '$' is not defined. (no-undef)
  /home/phillip/NodeBB-group/public/src/modules/chat.js:159:29: '$' is not defined. (no-undef)
  /home/phillip/NodeBB-group/public/src/modules/chat.js:163:12: 'app' is not defined. (no-undef)
  /home/phillip/NodeBB-group/public/src/modules/chat.js:167:12: 'ajaxify' is not defined. (no-undef)
  /home/phillip/NodeBB-group/public/src/modules/chat.js:167:52: 'ajaxify' is not defined. (no-undef)
  /home/phillip/NodeBB-group/public/src/modules/chat.js:182:9: 'app' is not defined. (no-undef)
  /home/phillip/NodeBB-group/public/src/modules/chat.js:186:28: 'app' is not defined. (no-undef)
  /home/phillip/NodeBB-group/public/src/modules/chat.js:192:35: 'utils' is not defined. (no-undef)
  /home/phillip/NodeBB-group/public/src/modules/chat.js:212:19: 'ajaxify' is not defined. (no-undef)
  /home/phillip/NodeBB-group/public/src/modules/chat.js:216:49: 'app' is not defined. (no-undef)
  /home/phillip/NodeBB-group/public/src/modules/chat.js:239:22: '$' is not defined. (no-undef)
  /home/phillip/NodeBB-group/public/src/modules/chat.js:249:22: 'app' is not defined. (no-undef)
  /home/phillip/NodeBB-group/public/src/modules/chat.js:264:7: '$' is not defined. (no-undef)
  /home/phillip/NodeBB-group/public/src/modules/chat.js:273:22: '$' is not defined. (no-undef)
  /home/phillip/NodeBB-group/public/src/modules/chat.js:287:12: '$' is not defined. (no-undef)
  /home/phillip/NodeBB-group/public/src/modules/chat.js:291:12: '$' is not defined. (no-undef)
  /home/phillip/NodeBB-group/public/src/modules/chat.js:299:7: 'app' is not defined. (no-undef)
  /home/phillip/NodeBB-group/public/src/modules/chat.js:304:22: 'utils' is not defined. (no-undef)
  /home/phillip/NodeBB-group/public/src/modules/chat.js:312:28: '$' is not defined. (no-undef)
  /home/phillip/NodeBB-group/public/src/modules/chat.js:318:9: 'app' is not defined. (no-undef)
  /home/phillip/NodeBB-group/public/src/modules/chat.js:354:11: '$' is not defined. (no-undef)
  /home/phillip/NodeBB-group/public/src/modules/chat.js:358:11: 'ajaxify' is not defined. (no-undef)
  /home/phillip/NodeBB-group/public/src/modules/chat.js:358:30: 'app' is not defined. (no-undef)
  /home/phillip/NodeBB-group/public/src/modules/chat.js:444:23: '$' is not defined. (no-undef)
  /home/phillip/NodeBB-group/public/src/modules/chat.js:458:5: 'socket' is not defined. (no-undef)
  /home/phillip/NodeBB-group/public/src/modules/chat.js:475:41: '$' is not defined. (no-undef)
  /home/phillip/NodeBB-group/public/src/modules/chat.js:475:61: '$' is not defined. (no-undef)
  /home/phillip/NodeBB-group/public/src/modules/chat.js:475:95: '$' is not defined. (no-undef)
  /home/phillip/NodeBB-group/public/src/modules/chat.js:476:39: '$' is not defined. (no-undef)
  /home/phillip/NodeBB-group/public/src/modules/chat.js:476:66: '$' is not defined. (no-undef)
  /home/phillip/NodeBB-group/public/src/modules/chat.js:486:25: '$' is not defined. (no-undef)
  /home/phillip/NodeBB-group/public/src/modules/chat.js:493:7: 'socket' is not defined. (no-undef)
  /home/phillip/NodeBB-group/public/src/modules/chat.js:494:19: 'utils' is not defined. (no-undef)
  /home/phillip/NodeBB-group/public/src/modules/chat.js:502:5: 'app' is not defined. (no-undef)
  /home/phillip/NodeBB-group/public/src/modules/chat.js:513:5: '$' is not defined. (no-undef)
  /home/phillip/NodeBB-group/public/src/modules/chat.js:514:5: '$' is not defined. (no-undef)
  /home/phillip/NodeBB-group/public/src/modules/chat.js:516:7: '$' is not defined. (no-undef)
  /home/phillip/NodeBB-group/public/src/modules/chat.js:521:5: 'app' is not defined. (no-undef)
  /home/phillip/NodeBB-group/public/src/modules/chat.js:530:23: '$' is not defined. (no-undef)
